37
ZUIIIKEGPIITPHRRBSSAR ZUIIIAEGPITTPHRRBSSA
YVXAVKVEYOGBFQBYXD YVSAVKVEYOBFQBYXDY
UVLAKUFVJJGKEIGHRRSEZW UVMBAUIVJKEIEGHRSBMZWV
BMAEYWCOVTLXXUFVKNBRNGBATTJVB BAYCOTLXXFVKNBDTBATTJAB
LBZOCZBALMKZTHVJDVBEFAGGZWFB LBZXEBALMKXHVJDZLMAGGWFB
KNGYHIRTWOFPFDGCDMVDHJDZY LNGYUIRTWOFPFDAGCUXCMVDRHJDZY
CFMIKNVSCCYDCEPXMKUEJSZEDTZHEMRKSR IFIKNVSCCYGCEXMKUASZEDITZHMRKSP
UROTFYVVARFQPOQYXTBOCVVSJSMRM UROTWYVVWRUFQOXWTOCYVVDJSHRM
JURUQLTUIXEGYLAYVNGWFMCRWAWDVN JLURUQZIXEGYLCYVNGWFMCUWAWDVG
WUDEBFCQEQUAJEBIQS WUEKBFQELUGAJBIQSA
XFEFKPXZBJIQMIQFQCUPZDCLSYTQFSONIZVFP FEFKPXJIQMQFQCUDYJLSYTQESONDOIZHFP
OVISGBANCSCSVHKQSUPJRKCWAYTILRKZZB OVIOGBENCCSVCKQSUPRKCWAYTVLEKZZ
QCXQAWKDMPZYZTQOLLWM QCXQAWKDMWOGYIZSJALYWM
CHONXOPBYKOVWZTFDMAWPWGGMAWPX CWOXNXOPBYKOGVWVZTFDHAWPXGGVMAYEFX
FRPKUGWPAXBDBGSIHY FSRPKTGWPAXBDZSIHY
TEAGTVTVWCADJTUVYSHREUGFT TRAGTVTVBCADATUVYSHREGFT
ERYFHZBOBLAPPYPUUSLCH QNRYFYHZBBLAPPYPUSLCJ
SPHISRGSIFXKEAEDGBXQLEFE SPCIHYGSIFXKEAEDBXLEFE
KGFKXWCCYFGEPEBVOUDWF KFKXWCCYFGEPEBVSUDJSFM
RSQXDOXHVTOITZULYYOQMOYD RBQXDOLAXHVTODTZDLYYOQMOYD
RGUUEPUFBBJFIVDMHAYZLYYGIUQUUAJLR RGKUEPUFBBJFIIDMHFAYZEYYBGIVUQUUAJLRN
MVSCPMRBHSUWGDITCHGKHCPYADDZMYR MVBCPMWRBQCSUWGODIYUTHGKHCXYUDZMM
YAAJJOYIRWNTRPYNNDIGWZJOKKAIFLE YAJJOYIRTRPYNNDIGWZJWKKIIFLE
HQURHYALWYRPACKIIXYWLAD HQURHYMLIYRPARKIXYWLAD
MKCHLPHHSBOKBICSNXZUIPVGIUEAQYLWI MHKCLPHHWBOKBICSNXZUKDVGIUEAKDQYLNI
IGNBHESLSQYBNLZGQWNGSTYMUOEWTTRIV QNBESLMQYLBNLCGQWGGHTYMUOENXTIRIV
XJDXNETVEVFAGLUWUGISXCQKMH JDXNETVEVFAGWLUZTWUGIQSXUCQKM
GWHEZLZSOYNNPE GWHEUZTLZJCSYNPE
JRMGWPFYLXHDUCCMXPEFXIMODDOPQQXKVS JRMGWPFYLXHDUCCCMXFZEFXMOOBSDOPQXKVS
ZPQQTXXLIOUPSGDZBOPRAMEJMZ ZPQTXXLIEOAUZPSGDZBOPAAEMEQM
GVCSZVDTLYKUI GILEQTVCSWDTLYUI
ZCPTMMWQTHVXOOG VCTMMWQTTHVXOG
IAIAJDXQHJNOTAAQOEPYFDAF IAIVJXXRHNMOTAAQOEPYFDAF
SCXOWXMKTWJEKYYJSJQVAMZANEDH SCXOWXZKTYEKKYYJJQVMZANEDH
FBEQJKWMFSKPYDHLNUGHRWDXUPTXTNX RBEQWMFPYHLNUGHRWDXUUTXYTNX
DHKQDVTBFRDYIUF DHKQDVTBRDYIUP
VDWEZMOQCXNAZCLCCKGPAX VWTZMOQCXAZFLCCZGPHUX